// Jest Snapshot v1, https://goo.gl/fbAQLP

exports[`RatingInformation renders correctly 1`] = `
<div
  class="makeStyles-ratingText-1"
>
  <span
    aria-label="1 Star"
    class="MuiRating-root MuiRating-sizeLarge MuiRating-readOnly"
    role="img"
  >
    <span>
      <span
        class="MuiRating-icon MuiRating-iconFilled"
      >
        <svg
          aria-hidden="true"
          class="MuiSvgIcon-root MuiSvgIcon-fontSizeInherit"
          focusable="false"
          viewBox="0 0 24 24"
        >
          <path
            d="M12 17.27L18.18 21l-1.64-7.03L22 9.24l-7.19-.61L12 2 9.19 8.63 2 9.24l5.46 4.73L5.82 21z"
          />
        </svg>
      </span>
    </span>
  </span>
  <h6
    class="MuiTypography-root MuiTypography-h6"
  >
    2.2
     
  </h6>
  <h6
    class="MuiTypography-root MuiTypography-subtitle2"
  >
    /10
  </h6>
</div>
`;
