// Jest Snapshot v1, https://goo.gl/fbAQLP

exports[`App renders correctly 1`] = `
<header
  class="MuiPaper-root MuiAppBar-root MuiAppBar-positionStatic MuiAppBar-colorPrimary makeStyles-appBar-2 MuiPaper-elevation4"
>
  <div
    class="MuiToolbar-root MuiToolbar-regular makeStyles-toolBar-3 MuiToolbar-gutters"
  >
    <a
      class="MuiTypography-root makeStyles-title-4 MuiTypography-h6"
      href="/"
    >
      <div
        class="MuiAvatar-root MuiAvatar-rounded"
        style="width: 200px;"
      >
        <img
          alt="The image"
          class="MuiAvatar-img"
          src="https://static.tvmaze.com/images/tvm-header-logo.png"
        />
      </div>
    </a>
    <button
      class="MuiButtonBase-root MuiButton-root MuiButton-text makeStyles-button-5"
      tabindex="0"
      type="button"
    >
      <span
        class="MuiButton-label"
      >
        <span
          class="MuiButton-startIcon MuiButton-iconSizeMedium"
        >
          <svg
            aria-hidden="true"
            class="MuiSvgIcon-root"
            focusable="false"
            viewBox="0 0 24 24"
          >
            <path
              d="M19.78 17.51c-2.47 0-6.57-1.33-8.68-5.43-2.33-4.51-.5-8.48.53-10.07C6.27 2.2 1.98 6.59 1.98 12c0 .14.02.28.02.42.61-.26 1.28-.42 1.98-.42 0-3.09 1.73-5.77 4.3-7.1-.5 2.19-.54 5.04 1.04 8.1 1.57 3.04 4.18 4.95 6.8 5.86-1.23.74-2.65 1.15-4.13 1.15-.5 0-1-.05-1.48-.14-.37.7-.94 1.27-1.64 1.64.98.32 2.03.5 3.11.5 3.5 0 6.58-1.8 8.37-4.52-.17.01-.37.02-.57.02z"
            />
            <path
              d="M7 16h-.18C6.4 14.84 5.3 14 4 14c-1.66 0-3 1.34-3 3s1.34 3 3 3h3c1.1 0 2-.9 2-2s-.9-2-2-2z"
            />
          </svg>
        </span>
        Dark Mode
      </span>
      <span
        class="MuiTouchRipple-root"
      />
    </button>
  </div>
</header>
`;
